// Jest Snapshot v1, https://goo.gl/fbAQLP

exports[`Number of Pages Properly Rendered 1`] = `
<div>
  <ul
    className="pagination"
  >
    <li
      className="page-item"
    >
      <a
        className="page-link"
        onClick={[Function]}
        onKeyDown={[Function]}
        role="button"
        tabIndex={0}
      >
        <span
          aria-hidden="true"
        >
          ‹
        </span>
        <span
          className="visually-hidden"
        >
          Previous
        </span>
      </a>
    </li>
    <li
      className="page-item active"
    >
      <span
        className="page-link"
        disabled={false}
        onClick={[Function]}
      >
        1
        <span
          className="visually-hidden"
        >
          (current)
        </span>
      </span>
    </li>
    <li
      className="page-item"
    >
      <a
        className="page-link"
        onClick={[Function]}
        onKeyDown={[Function]}
        role="button"
        tabIndex={0}
      >
        2
      </a>
    </li>
    <li
      className="page-item"
    >
      <a
        className="page-link"
        onClick={[Function]}
        onKeyDown={[Function]}
        role="button"
        tabIndex={0}
      >
        3
      </a>
    </li>
    <li
      className="page-item"
    >
      <a
        className="page-link"
        onClick={[Function]}
        onKeyDown={[Function]}
        role="button"
        tabIndex={0}
      >
        4
      </a>
    </li>
    <li
      className="page-item"
    >
      <a
        className="page-link"
        onClick={[Function]}
        onKeyDown={[Function]}
        role="button"
        tabIndex={0}
      >
        5
      </a>
    </li>
    <li
      className="page-item"
    >
      <a
        className="page-link"
        onClick={[Function]}
        onKeyDown={[Function]}
        role="button"
        tabIndex={0}
      >
        6
      </a>
    </li>
    <li
      className="page-item"
    >
      <a
        className="page-link"
        onClick={[Function]}
        onKeyDown={[Function]}
        role="button"
        tabIndex={0}
      >
        <span
          aria-hidden="true"
        >
          …
        </span>
        <span
          className="visually-hidden"
        >
          More
        </span>
      </a>
    </li>
    <li
      className="page-item"
    >
      <a
        className="page-link"
        onClick={[Function]}
        onKeyDown={[Function]}
        role="button"
        tabIndex={0}
      >
        <span
          aria-hidden="true"
        >
          ›
        </span>
        <span
          className="visually-hidden"
        >
          Next
        </span>
      </a>
    </li>
  </ul>
</div>
`;
