// Jest Snapshot v1, https://goo.gl/fbAQLP

exports[`Pets Model Page Properly Rendered 1`] = `
<div
  style={
    Object {
      "paddingLeft": "10vw",
      "paddingRight": "10vw",
    }
  }
>
  <div
    className="row row-cols-1"
  >
    <div
      className="col"
    >
      <h2>
        Adoption Centers
      </h2>
      <h6>
        20 adoption centers, page 
        1
        /5
      </h6>
    </div>
    <div
      className="col"
    >
      <div>
        <ul
          className="pagination"
        >
          <li
            className="page-item"
          >
            <a
              className="page-link"
              onClick={[Function]}
              onKeyDown={[Function]}
              role="button"
              tabIndex={0}
            >
              <span
                aria-hidden="true"
              >
                ‹
              </span>
              <span
                className="visually-hidden"
              >
                Previous
              </span>
            </a>
          </li>
          <li
            className="page-item active"
          >
            <span
              className="page-link"
              disabled={false}
              onClick={[Function]}
            >
              1
              <span
                className="visually-hidden"
              >
                (current)
              </span>
            </span>
          </li>
          <li
            className="page-item"
          >
            <a
              className="page-link"
              onClick={[Function]}
              onKeyDown={[Function]}
              role="button"
              tabIndex={0}
            >
              2
            </a>
          </li>
          <li
            className="page-item"
          >
            <a
              className="page-link"
              onClick={[Function]}
              onKeyDown={[Function]}
              role="button"
              tabIndex={0}
            >
              3
            </a>
          </li>
          <li
            className="page-item"
          >
            <a
              className="page-link"
              onClick={[Function]}
              onKeyDown={[Function]}
              role="button"
              tabIndex={0}
            >
              4
            </a>
          </li>
          <li
            className="page-item"
          >
            <a
              className="page-link"
              onClick={[Function]}
              onKeyDown={[Function]}
              role="button"
              tabIndex={0}
            >
              5
            </a>
          </li>
          <li
            className="page-item"
          >
            <a
              className="page-link"
              onClick={[Function]}
              onKeyDown={[Function]}
              role="button"
              tabIndex={0}
            >
              <span
                aria-hidden="true"
              >
                …
              </span>
              <span
                className="visually-hidden"
              >
                More
              </span>
            </a>
          </li>
          <li
            className="page-item"
          >
            <a
              className="page-link"
              onClick={[Function]}
              onKeyDown={[Function]}
              role="button"
              tabIndex={0}
            >
              <span
                aria-hidden="true"
              >
                ›
              </span>
              <span
                className="visually-hidden"
              >
                Next
              </span>
            </a>
          </li>
        </ul>
      </div>
    </div>
  </div>
  <div
    style={
      Object {
        "paddingTop": "2vh",
      }
    }
  >
    <div
      className="table-responsive"
    >
      <table
        className="table table-sm table-striped table-bordered table-hover"
      >
        <thead>
          <tr>
            <th>
              Name
            </th>
            <th>
              City
            </th>
            <th>
              State
            </th>
            <th>
              Zip
            </th>
            <th>
              Services
            </th>
          </tr>
        </thead>
        <tbody />
      </table>
    </div>
  </div>
</div>
`;
