// Jest Snapshot v1, https://goo.gl/fbAQLP

exports[`Pets Model Page Properly Rendered 1`] = `
<div
  style={
    Object {
      "padding": "4vw",
    }
  }
>
  <h2>
    Adoptable Pets
  </h2>
  <h6>
    126 adoptable pets, page 1/1
  </h6>
  <div
    className="g-4 row row-cols-md-2 row-cols-1"
  />
  <div>
    <ul
      className="pagination"
    >
      <li
        className="page-item"
      >
        <a
          className="page-link"
          onClick={[Function]}
          onKeyDown={[Function]}
          role="button"
          tabIndex={0}
        >
          <span
            aria-hidden="true"
          >
            «
          </span>
          <span
            className="visually-hidden"
          >
            First
          </span>
        </a>
      </li>
      <li
        className="page-item"
      >
        <a
          className="page-link"
          onClick={[Function]}
          onKeyDown={[Function]}
          role="button"
          tabIndex={0}
        >
          <span
            aria-hidden="true"
          >
            ‹
          </span>
          <span
            className="visually-hidden"
          >
            Previous
          </span>
        </a>
      </li>
      <li
        className="page-item active"
      >
        <span
          className="page-link"
          disabled={false}
          onClick={[Function]}
        >
          1
          <span
            className="visually-hidden"
          >
            (current)
          </span>
        </span>
      </li>
      <li
        className="page-item"
      >
        <a
          className="page-link"
          onClick={[Function]}
          onKeyDown={[Function]}
          role="button"
          tabIndex={0}
        >
          2
        </a>
      </li>
      <li
        className="page-item"
      >
        <a
          className="page-link"
          onClick={[Function]}
          onKeyDown={[Function]}
          role="button"
          tabIndex={0}
        >
          3
        </a>
      </li>
      <li
        className="page-item"
      >
        <a
          className="page-link"
          onClick={[Function]}
          onKeyDown={[Function]}
          role="button"
          tabIndex={0}
        >
          4
        </a>
      </li>
      <li
        className="page-item"
      >
        <a
          className="page-link"
          onClick={[Function]}
          onKeyDown={[Function]}
          role="button"
          tabIndex={0}
        >
          5
        </a>
      </li>
      <li
        className="page-item"
      >
        <a
          className="page-link"
          onClick={[Function]}
          onKeyDown={[Function]}
          role="button"
          tabIndex={0}
        >
          6
        </a>
      </li>
      <li
        className="page-item"
      >
        <a
          className="page-link"
          onClick={[Function]}
          onKeyDown={[Function]}
          role="button"
          tabIndex={0}
        >
          7
        </a>
      </li>
      <li
        className="page-item"
      >
        <a
          className="page-link"
          onClick={[Function]}
          onKeyDown={[Function]}
          role="button"
          tabIndex={0}
        >
          8
        </a>
      </li>
      <li
        className="page-item"
      >
        <a
          className="page-link"
          onClick={[Function]}
          onKeyDown={[Function]}
          role="button"
          tabIndex={0}
        >
          9
        </a>
      </li>
      <li
        className="page-item"
      >
        <a
          className="page-link"
          onClick={[Function]}
          onKeyDown={[Function]}
          role="button"
          tabIndex={0}
        >
          10
        </a>
      </li>
      <li
        className="page-item"
      >
        <a
          className="page-link"
          onClick={[Function]}
          onKeyDown={[Function]}
          role="button"
          tabIndex={0}
        >
          11
        </a>
      </li>
      <li
        className="page-item"
      >
        <a
          className="page-link"
          onClick={[Function]}
          onKeyDown={[Function]}
          role="button"
          tabIndex={0}
        >
          12
        </a>
      </li>
      <li
        className="page-item"
      >
        <a
          className="page-link"
          onClick={[Function]}
          onKeyDown={[Function]}
          role="button"
          tabIndex={0}
        >
          13
        </a>
      </li>
      <li
        className="page-item"
      >
        <a
          className="page-link"
          onClick={[Function]}
          onKeyDown={[Function]}
          role="button"
          tabIndex={0}
        >
          14
        </a>
      </li>
      <li
        className="page-item"
      >
        <a
          className="page-link"
          onClick={[Function]}
          onKeyDown={[Function]}
          role="button"
          tabIndex={0}
        >
          15
        </a>
      </li>
      <li
        className="page-item"
      >
        <a
          className="page-link"
          onClick={[Function]}
          onKeyDown={[Function]}
          role="button"
          tabIndex={0}
        >
          16
        </a>
      </li>
      <li
        className="page-item"
      >
        <a
          className="page-link"
          onClick={[Function]}
          onKeyDown={[Function]}
          role="button"
          tabIndex={0}
        >
          17
        </a>
      </li>
      <li
        className="page-item"
      >
        <a
          className="page-link"
          onClick={[Function]}
          onKeyDown={[Function]}
          role="button"
          tabIndex={0}
        >
          18
        </a>
      </li>
      <li
        className="page-item"
      >
        <a
          className="page-link"
          onClick={[Function]}
          onKeyDown={[Function]}
          role="button"
          tabIndex={0}
        >
          19
        </a>
      </li>
      <li
        className="page-item"
      >
        <a
          className="page-link"
          onClick={[Function]}
          onKeyDown={[Function]}
          role="button"
          tabIndex={0}
        >
          20
        </a>
      </li>
      <li
        className="page-item"
      >
        <a
          className="page-link"
          onClick={[Function]}
          onKeyDown={[Function]}
          role="button"
          tabIndex={0}
        >
          21
        </a>
      </li>
      <li
        className="page-item"
      >
        <a
          className="page-link"
          onClick={[Function]}
          onKeyDown={[Function]}
          role="button"
          tabIndex={0}
        >
          22
        </a>
      </li>
      <li
        className="page-item"
      >
        <a
          className="page-link"
          onClick={[Function]}
          onKeyDown={[Function]}
          role="button"
          tabIndex={0}
        >
          23
        </a>
      </li>
      <li
        className="page-item"
      >
        <a
          className="page-link"
          onClick={[Function]}
          onKeyDown={[Function]}
          role="button"
          tabIndex={0}
        >
          24
        </a>
      </li>
      <li
        className="page-item"
      >
        <a
          className="page-link"
          onClick={[Function]}
          onKeyDown={[Function]}
          role="button"
          tabIndex={0}
        >
          25
        </a>
      </li>
      <li
        className="page-item"
      >
        <a
          className="page-link"
          onClick={[Function]}
          onKeyDown={[Function]}
          role="button"
          tabIndex={0}
        >
          26
        </a>
      </li>
      <li
        className="page-item"
      >
        <a
          className="page-link"
          onClick={[Function]}
          onKeyDown={[Function]}
          role="button"
          tabIndex={0}
        >
          27
        </a>
      </li>
      <li
        className="page-item"
      >
        <a
          className="page-link"
          onClick={[Function]}
          onKeyDown={[Function]}
          role="button"
          tabIndex={0}
        >
          28
        </a>
      </li>
      <li
        className="page-item"
      >
        <a
          className="page-link"
          onClick={[Function]}
          onKeyDown={[Function]}
          role="button"
          tabIndex={0}
        >
          29
        </a>
      </li>
      <li
        className="page-item"
      >
        <a
          className="page-link"
          onClick={[Function]}
          onKeyDown={[Function]}
          role="button"
          tabIndex={0}
        >
          30
        </a>
      </li>
      <li
        className="page-item"
      >
        <a
          className="page-link"
          onClick={[Function]}
          onKeyDown={[Function]}
          role="button"
          tabIndex={0}
        >
          31
        </a>
      </li>
      <li
        className="page-item"
      >
        <a
          className="page-link"
          onClick={[Function]}
          onKeyDown={[Function]}
          role="button"
          tabIndex={0}
        >
          32
        </a>
      </li>
      <li
        className="page-item"
      >
        <a
          className="page-link"
          onClick={[Function]}
          onKeyDown={[Function]}
          role="button"
          tabIndex={0}
        >
          33
        </a>
      </li>
      <li
        className="page-item"
      >
        <a
          className="page-link"
          onClick={[Function]}
          onKeyDown={[Function]}
          role="button"
          tabIndex={0}
        >
          34
        </a>
      </li>
      <li
        className="page-item"
      >
        <a
          className="page-link"
          onClick={[Function]}
          onKeyDown={[Function]}
          role="button"
          tabIndex={0}
        >
          35
        </a>
      </li>
      <li
        className="page-item"
      >
        <a
          className="page-link"
          onClick={[Function]}
          onKeyDown={[Function]}
          role="button"
          tabIndex={0}
        >
          36
        </a>
      </li>
      <li
        className="page-item"
      >
        <a
          className="page-link"
          onClick={[Function]}
          onKeyDown={[Function]}
          role="button"
          tabIndex={0}
        >
          37
        </a>
      </li>
      <li
        className="page-item"
      >
        <a
          className="page-link"
          onClick={[Function]}
          onKeyDown={[Function]}
          role="button"
          tabIndex={0}
        >
          38
        </a>
      </li>
      <li
        className="page-item"
      >
        <a
          className="page-link"
          onClick={[Function]}
          onKeyDown={[Function]}
          role="button"
          tabIndex={0}
        >
          39
        </a>
      </li>
      <li
        className="page-item"
      >
        <a
          className="page-link"
          onClick={[Function]}
          onKeyDown={[Function]}
          role="button"
          tabIndex={0}
        >
          40
        </a>
      </li>
      <li
        className="page-item"
      >
        <a
          className="page-link"
          onClick={[Function]}
          onKeyDown={[Function]}
          role="button"
          tabIndex={0}
        >
          41
        </a>
      </li>
      <li
        className="page-item"
      >
        <a
          className="page-link"
          onClick={[Function]}
          onKeyDown={[Function]}
          role="button"
          tabIndex={0}
        >
          42
        </a>
      </li>
      <li
        className="page-item"
      >
        <a
          className="page-link"
          onClick={[Function]}
          onKeyDown={[Function]}
          role="button"
          tabIndex={0}
        >
          43
        </a>
      </li>
      <li
        className="page-item"
      >
        <a
          className="page-link"
          onClick={[Function]}
          onKeyDown={[Function]}
          role="button"
          tabIndex={0}
        >
          44
        </a>
      </li>
      <li
        className="page-item"
      >
        <a
          className="page-link"
          onClick={[Function]}
          onKeyDown={[Function]}
          role="button"
          tabIndex={0}
        >
          45
        </a>
      </li>
      <li
        className="page-item"
      >
        <a
          className="page-link"
          onClick={[Function]}
          onKeyDown={[Function]}
          role="button"
          tabIndex={0}
        >
          46
        </a>
      </li>
      <li
        className="page-item"
      >
        <a
          className="page-link"
          onClick={[Function]}
          onKeyDown={[Function]}
          role="button"
          tabIndex={0}
        >
          47
        </a>
      </li>
      <li
        className="page-item"
      >
        <a
          className="page-link"
          onClick={[Function]}
          onKeyDown={[Function]}
          role="button"
          tabIndex={0}
        >
          48
        </a>
      </li>
      <li
        className="page-item"
      >
        <a
          className="page-link"
          onClick={[Function]}
          onKeyDown={[Function]}
          role="button"
          tabIndex={0}
        >
          49
        </a>
      </li>
      <li
        className="page-item"
      >
        <a
          className="page-link"
          onClick={[Function]}
          onKeyDown={[Function]}
          role="button"
          tabIndex={0}
        >
          50
        </a>
      </li>
      <li
        className="page-item"
      >
        <a
          className="page-link"
          onClick={[Function]}
          onKeyDown={[Function]}
          role="button"
          tabIndex={0}
        >
          51
        </a>
      </li>
      <li
        className="page-item"
      >
        <a
          className="page-link"
          onClick={[Function]}
          onKeyDown={[Function]}
          role="button"
          tabIndex={0}
        >
          52
        </a>
      </li>
      <li
        className="page-item"
      >
        <a
          className="page-link"
          onClick={[Function]}
          onKeyDown={[Function]}
          role="button"
          tabIndex={0}
        >
          53
        </a>
      </li>
      <li
        className="page-item"
      >
        <a
          className="page-link"
          onClick={[Function]}
          onKeyDown={[Function]}
          role="button"
          tabIndex={0}
        >
          54
        </a>
      </li>
      <li
        className="page-item"
      >
        <a
          className="page-link"
          onClick={[Function]}
          onKeyDown={[Function]}
          role="button"
          tabIndex={0}
        >
          55
        </a>
      </li>
      <li
        className="page-item"
      >
        <a
          className="page-link"
          onClick={[Function]}
          onKeyDown={[Function]}
          role="button"
          tabIndex={0}
        >
          56
        </a>
      </li>
      <li
        className="page-item"
      >
        <a
          className="page-link"
          onClick={[Function]}
          onKeyDown={[Function]}
          role="button"
          tabIndex={0}
        >
          57
        </a>
      </li>
      <li
        className="page-item"
      >
        <a
          className="page-link"
          onClick={[Function]}
          onKeyDown={[Function]}
          role="button"
          tabIndex={0}
        >
          58
        </a>
      </li>
      <li
        className="page-item"
      >
        <a
          className="page-link"
          onClick={[Function]}
          onKeyDown={[Function]}
          role="button"
          tabIndex={0}
        >
          59
        </a>
      </li>
      <li
        className="page-item"
      >
        <a
          className="page-link"
          onClick={[Function]}
          onKeyDown={[Function]}
          role="button"
          tabIndex={0}
        >
          60
        </a>
      </li>
      <li
        className="page-item"
      >
        <a
          className="page-link"
          onClick={[Function]}
          onKeyDown={[Function]}
          role="button"
          tabIndex={0}
        >
          <span
            aria-hidden="true"
          >
            ›
          </span>
          <span
            className="visually-hidden"
          >
            Next
          </span>
        </a>
      </li>
      <li
        className="page-item"
      >
        <a
          className="page-link"
          onClick={[Function]}
          onKeyDown={[Function]}
          role="button"
          tabIndex={0}
        >
          <span
            aria-hidden="true"
          >
            »
          </span>
          <span
            className="visually-hidden"
          >
            Last
          </span>
        </a>
      </li>
    </ul>
  </div>
</div>
`;
