// Jest Snapshot v1, https://goo.gl/fbAQLP

exports[`Pets Model Page Properly Rendered 1`] = `
<div
  style={
    Object {
      "paddingLeft": "10vw",
      "paddingRight": "10vw",
    }
  }
>
  <div
    className="row row-cols-1"
  >
    <div
      className="col"
    >
      <h2>
        Species
      </h2>
      <h5>
        20 species, page 
        1
        /19
      </h5>
    </div>
    <div
      className="col"
    >
      <div>
        <ul
          className="pagination"
        >
          <li
            className="page-item"
          >
            <a
              className="page-link"
              onClick={[Function]}
              onKeyDown={[Function]}
              role="button"
              tabIndex={0}
            >
              <span
                aria-hidden="true"
              >
                ‹
              </span>
              <span
                className="visually-hidden"
              >
                Previous
              </span>
            </a>
          </li>
          <li
            className="page-item active"
          >
            <span
              className="page-link"
              disabled={false}
              onClick={[Function]}
            >
              1
              <span
                className="visually-hidden"
              >
                (current)
              </span>
            </span>
          </li>
          <li
            className="page-item"
          >
            <a
              className="page-link"
              onClick={[Function]}
              onKeyDown={[Function]}
              role="button"
              tabIndex={0}
            >
              2
            </a>
          </li>
          <li
            className="page-item"
          >
            <a
              className="page-link"
              onClick={[Function]}
              onKeyDown={[Function]}
              role="button"
              tabIndex={0}
            >
              3
            </a>
          </li>
          <li
            className="page-item"
          >
            <a
              className="page-link"
              onClick={[Function]}
              onKeyDown={[Function]}
              role="button"
              tabIndex={0}
            >
              4
            </a>
          </li>
          <li
            className="page-item"
          >
            <a
              className="page-link"
              onClick={[Function]}
              onKeyDown={[Function]}
              role="button"
              tabIndex={0}
            >
              5
            </a>
          </li>
          <li
            className="page-item"
          >
            <a
              className="page-link"
              onClick={[Function]}
              onKeyDown={[Function]}
              role="button"
              tabIndex={0}
            >
              6
            </a>
          </li>
          <li
            className="page-item"
          >
            <a
              className="page-link"
              onClick={[Function]}
              onKeyDown={[Function]}
              role="button"
              tabIndex={0}
            >
              7
            </a>
          </li>
          <li
            className="page-item"
          >
            <a
              className="page-link"
              onClick={[Function]}
              onKeyDown={[Function]}
              role="button"
              tabIndex={0}
            >
              8
            </a>
          </li>
          <li
            className="page-item"
          >
            <a
              className="page-link"
              onClick={[Function]}
              onKeyDown={[Function]}
              role="button"
              tabIndex={0}
            >
              9
            </a>
          </li>
          <li
            className="page-item"
          >
            <a
              className="page-link"
              onClick={[Function]}
              onKeyDown={[Function]}
              role="button"
              tabIndex={0}
            >
              10
            </a>
          </li>
          <li
            className="page-item"
          >
            <a
              className="page-link"
              onClick={[Function]}
              onKeyDown={[Function]}
              role="button"
              tabIndex={0}
            >
              11
            </a>
          </li>
          <li
            className="page-item"
          >
            <a
              className="page-link"
              onClick={[Function]}
              onKeyDown={[Function]}
              role="button"
              tabIndex={0}
            >
              12
            </a>
          </li>
          <li
            className="page-item"
          >
            <a
              className="page-link"
              onClick={[Function]}
              onKeyDown={[Function]}
              role="button"
              tabIndex={0}
            >
              13
            </a>
          </li>
          <li
            className="page-item"
          >
            <a
              className="page-link"
              onClick={[Function]}
              onKeyDown={[Function]}
              role="button"
              tabIndex={0}
            >
              14
            </a>
          </li>
          <li
            className="page-item"
          >
            <a
              className="page-link"
              onClick={[Function]}
              onKeyDown={[Function]}
              role="button"
              tabIndex={0}
            >
              15
            </a>
          </li>
          <li
            className="page-item"
          >
            <a
              className="page-link"
              onClick={[Function]}
              onKeyDown={[Function]}
              role="button"
              tabIndex={0}
            >
              16
            </a>
          </li>
          <li
            className="page-item"
          >
            <a
              className="page-link"
              onClick={[Function]}
              onKeyDown={[Function]}
              role="button"
              tabIndex={0}
            >
              17
            </a>
          </li>
          <li
            className="page-item"
          >
            <a
              className="page-link"
              onClick={[Function]}
              onKeyDown={[Function]}
              role="button"
              tabIndex={0}
            >
              18
            </a>
          </li>
          <li
            className="page-item"
          >
            <a
              className="page-link"
              onClick={[Function]}
              onKeyDown={[Function]}
              role="button"
              tabIndex={0}
            >
              19
            </a>
          </li>
          <li
            className="page-item"
          >
            <a
              className="page-link"
              onClick={[Function]}
              onKeyDown={[Function]}
              role="button"
              tabIndex={0}
            >
              <span
                aria-hidden="true"
              >
                …
              </span>
              <span
                className="visually-hidden"
              >
                More
              </span>
            </a>
          </li>
          <li
            className="page-item"
          >
            <a
              className="page-link"
              onClick={[Function]}
              onKeyDown={[Function]}
              role="button"
              tabIndex={0}
            >
              <span
                aria-hidden="true"
              >
                ›
              </span>
              <span
                className="visually-hidden"
              >
                Next
              </span>
            </a>
          </li>
        </ul>
      </div>
    </div>
  </div>
  <div
    className="row"
    style={
      Object {
        "paddingBottom": "2vh",
      }
    }
  >
    <ul
      className="mb-3 nav nav-tabs"
      onKeyDown={[Function]}
      role="tablist"
    >
      <li
        className="nav-item"
        role="presentation"
      >
        <button
          aria-controls="uncontrolled-tab-example-tabpane-sort"
          aria-selected={true}
          className="nav-link active"
          data-rr-ui-event-key="sort"
          disabled={false}
          id="uncontrolled-tab-example-tab-sort"
          onClick={[Function]}
          role="tab"
          type="button"
        >
          Sort
        </button>
      </li>
      <li
        className="nav-item"
        role="presentation"
      >
        <button
          aria-controls="uncontrolled-tab-example-tabpane-search"
          className="nav-link"
          data-rr-ui-event-key="search"
          disabled={false}
          id="uncontrolled-tab-example-tab-search"
          onClick={[Function]}
          role="tab"
          tabIndex={-1}
          type="button"
        >
          Search
        </button>
      </li>
    </ul>
    <div
      className="tab-content"
    >
      <div
        aria-labelledby="uncontrolled-tab-example-tab-sort"
        className="tab-pane active"
        id="uncontrolled-tab-example-tabpane-sort"
      >
        <div
          className="row"
        >
          <div
            className="col"
          >
            <h6>
              Weight
            </h6>
            <div
              className=" css-b62m3t-container"
              onKeyDown={[Function]}
            >
              <span
                className="css-1f43avz-a11yText-A11yText"
                id="react-select-2-live-region"
              />
              <span
                aria-atomic="false"
                aria-live="polite"
                aria-relevant="additions text"
                className="css-1f43avz-a11yText-A11yText"
              />
              <div
                className=" css-1s2u09g-control"
                onMouseDown={[Function]}
                onTouchEnd={[Function]}
              >
                <div
                  className=" css-319lph-ValueContainer"
                >
                  <div
                    className=" css-14el2xx-placeholder"
                    id="react-select-2-placeholder"
                  >
                    Select...
                  </div>
                  <div
                    className=" css-6j8wv5-Input"
                    data-value=""
                  >
                    <input
                      aria-autocomplete="list"
                      aria-controls="react-select-2-listbox"
                      aria-describedby="react-select-2-placeholder"
                      aria-expanded={false}
                      aria-haspopup={true}
                      aria-owns="react-select-2-listbox"
                      autoCapitalize="none"
                      autoComplete="off"
                      autoCorrect="off"
                      className=""
                      disabled={false}
                      id="react-select-2-input"
                      onBlur={[Function]}
                      onChange={[Function]}
                      onFocus={[Function]}
                      role="combobox"
                      spellCheck="false"
                      style={
                        Object {
                          "background": 0,
                          "border": 0,
                          "color": "inherit",
                          "font": "inherit",
                          "gridArea": "1 / 2",
                          "label": "input",
                          "margin": 0,
                          "minWidth": "2px",
                          "opacity": 1,
                          "outline": 0,
                          "padding": 0,
                          "width": "100%",
                        }
                      }
                      tabIndex={0}
                      type="text"
                      value=""
                    />
                  </div>
                </div>
                <div
                  className=" css-1hb7zxy-IndicatorsContainer"
                >
                  <span
                    className=" css-1okebmr-indicatorSeparator"
                  />
                  <div
                    aria-hidden="true"
                    className=" css-tlfecz-indicatorContainer"
                    onMouseDown={[Function]}
                    onTouchEnd={[Function]}
                  >
                    <svg
                      aria-hidden="true"
                      className="css-tj5bde-Svg"
                      focusable="false"
                      height={20}
                      viewBox="0 0 20 20"
                      width={20}
                    >
                      <path
                        d="M4.516 7.548c0.436-0.446 1.043-0.481 1.576 0l3.908 3.747 3.908-3.747c0.533-0.481 1.141-0.446 1.574 0 0.436 0.445 0.408 1.197 0 1.615-0.406 0.418-4.695 4.502-4.695 4.502-0.217 0.223-0.502 0.335-0.787 0.335s-0.57-0.112-0.789-0.335c0 0-4.287-4.084-4.695-4.502s-0.436-1.17 0-1.615z"
                      />
                    </svg>
                  </div>
                </div>
              </div>
            </div>
          </div>
          <div
            className="col"
          >
            <h6>
              Life Expectancy
            </h6>
            <div
              className=" css-b62m3t-container"
              onKeyDown={[Function]}
            >
              <span
                className="css-1f43avz-a11yText-A11yText"
                id="react-select-3-live-region"
              />
              <span
                aria-atomic="false"
                aria-live="polite"
                aria-relevant="additions text"
                className="css-1f43avz-a11yText-A11yText"
              />
              <div
                className=" css-1s2u09g-control"
                onMouseDown={[Function]}
                onTouchEnd={[Function]}
              >
                <div
                  className=" css-319lph-ValueContainer"
                >
                  <div
                    className=" css-14el2xx-placeholder"
                    id="react-select-3-placeholder"
                  >
                    Select...
                  </div>
                  <div
                    className=" css-6j8wv5-Input"
                    data-value=""
                  >
                    <input
                      aria-autocomplete="list"
                      aria-controls="react-select-3-listbox"
                      aria-describedby="react-select-3-placeholder"
                      aria-expanded={false}
                      aria-haspopup={true}
                      aria-owns="react-select-3-listbox"
                      autoCapitalize="none"
                      autoComplete="off"
                      autoCorrect="off"
                      className=""
                      disabled={false}
                      id="react-select-3-input"
                      onBlur={[Function]}
                      onChange={[Function]}
                      onFocus={[Function]}
                      role="combobox"
                      spellCheck="false"
                      style={
                        Object {
                          "background": 0,
                          "border": 0,
                          "color": "inherit",
                          "font": "inherit",
                          "gridArea": "1 / 2",
                          "label": "input",
                          "margin": 0,
                          "minWidth": "2px",
                          "opacity": 1,
                          "outline": 0,
                          "padding": 0,
                          "width": "100%",
                        }
                      }
                      tabIndex={0}
                      type="text"
                      value=""
                    />
                  </div>
                </div>
                <div
                  className=" css-1hb7zxy-IndicatorsContainer"
                >
                  <span
                    className=" css-1okebmr-indicatorSeparator"
                  />
                  <div
                    aria-hidden="true"
                    className=" css-tlfecz-indicatorContainer"
                    onMouseDown={[Function]}
                    onTouchEnd={[Function]}
                  >
                    <svg
                      aria-hidden="true"
                      className="css-tj5bde-Svg"
                      focusable="false"
                      height={20}
                      viewBox="0 0 20 20"
                      width={20}
                    >
                      <path
                        d="M4.516 7.548c0.436-0.446 1.043-0.481 1.576 0l3.908 3.747 3.908-3.747c0.533-0.481 1.141-0.446 1.574 0 0.436 0.445 0.408 1.197 0 1.615-0.406 0.418-4.695 4.502-4.695 4.502-0.217 0.223-0.502 0.335-0.787 0.335s-0.57-0.112-0.789-0.335c0 0-4.287-4.084-4.695-4.502s-0.436-1.17 0-1.615z"
                      />
                    </svg>
                  </div>
                </div>
              </div>
            </div>
          </div>
          <div
            className="col"
          >
            <h6>
              Origins
            </h6>
            <div
              className=" css-b62m3t-container"
              onKeyDown={[Function]}
            >
              <span
                className="css-1f43avz-a11yText-A11yText"
                id="react-select-4-live-region"
              />
              <span
                aria-atomic="false"
                aria-live="polite"
                aria-relevant="additions text"
                className="css-1f43avz-a11yText-A11yText"
              />
              <div
                className=" css-1s2u09g-control"
                onMouseDown={[Function]}
                onTouchEnd={[Function]}
              >
                <div
                  className=" css-319lph-ValueContainer"
                >
                  <div
                    className=" css-14el2xx-placeholder"
                    id="react-select-4-placeholder"
                  >
                    Select...
                  </div>
                  <div
                    className=" css-6j8wv5-Input"
                    data-value=""
                  >
                    <input
                      aria-autocomplete="list"
                      aria-controls="react-select-4-listbox"
                      aria-describedby="react-select-4-placeholder"
                      aria-expanded={false}
                      aria-haspopup={true}
                      aria-owns="react-select-4-listbox"
                      autoCapitalize="none"
                      autoComplete="off"
                      autoCorrect="off"
                      className=""
                      disabled={false}
                      id="react-select-4-input"
                      onBlur={[Function]}
                      onChange={[Function]}
                      onFocus={[Function]}
                      role="combobox"
                      spellCheck="false"
                      style={
                        Object {
                          "background": 0,
                          "border": 0,
                          "color": "inherit",
                          "font": "inherit",
                          "gridArea": "1 / 2",
                          "label": "input",
                          "margin": 0,
                          "minWidth": "2px",
                          "opacity": 1,
                          "outline": 0,
                          "padding": 0,
                          "width": "100%",
                        }
                      }
                      tabIndex={0}
                      type="text"
                      value=""
                    />
                  </div>
                </div>
                <div
                  className=" css-1hb7zxy-IndicatorsContainer"
                >
                  <span
                    className=" css-1okebmr-indicatorSeparator"
                  />
                  <div
                    aria-hidden="true"
                    className=" css-tlfecz-indicatorContainer"
                    onMouseDown={[Function]}
                    onTouchEnd={[Function]}
                  >
                    <svg
                      aria-hidden="true"
                      className="css-tj5bde-Svg"
                      focusable="false"
                      height={20}
                      viewBox="0 0 20 20"
                      width={20}
                    >
                      <path
                        d="M4.516 7.548c0.436-0.446 1.043-0.481 1.576 0l3.908 3.747 3.908-3.747c0.533-0.481 1.141-0.446 1.574 0 0.436 0.445 0.408 1.197 0 1.615-0.406 0.418-4.695 4.502-4.695 4.502-0.217 0.223-0.502 0.335-0.787 0.335s-0.57-0.112-0.789-0.335c0 0-4.287-4.084-4.695-4.502s-0.436-1.17 0-1.615z"
                      />
                    </svg>
                  </div>
                </div>
              </div>
            </div>
          </div>
          <div
            className="col"
          >
            <h6>
              Species
            </h6>
            <div
              className=" css-b62m3t-container"
              onKeyDown={[Function]}
            >
              <span
                className="css-1f43avz-a11yText-A11yText"
                id="react-select-5-live-region"
              />
              <span
                aria-atomic="false"
                aria-live="polite"
                aria-relevant="additions text"
                className="css-1f43avz-a11yText-A11yText"
              />
              <div
                className=" css-1s2u09g-control"
                onMouseDown={[Function]}
                onTouchEnd={[Function]}
              >
                <div
                  className=" css-319lph-ValueContainer"
                >
                  <div
                    className=" css-14el2xx-placeholder"
                    id="react-select-5-placeholder"
                  >
                    Select...
                  </div>
                  <div
                    className=" css-6j8wv5-Input"
                    data-value=""
                  >
                    <input
                      aria-autocomplete="list"
                      aria-controls="react-select-5-listbox"
                      aria-describedby="react-select-5-placeholder"
                      aria-expanded={false}
                      aria-haspopup={true}
                      aria-owns="react-select-5-listbox"
                      autoCapitalize="none"
                      autoComplete="off"
                      autoCorrect="off"
                      className=""
                      disabled={false}
                      id="react-select-5-input"
                      onBlur={[Function]}
                      onChange={[Function]}
                      onFocus={[Function]}
                      role="combobox"
                      spellCheck="false"
                      style={
                        Object {
                          "background": 0,
                          "border": 0,
                          "color": "inherit",
                          "font": "inherit",
                          "gridArea": "1 / 2",
                          "label": "input",
                          "margin": 0,
                          "minWidth": "2px",
                          "opacity": 1,
                          "outline": 0,
                          "padding": 0,
                          "width": "100%",
                        }
                      }
                      tabIndex={0}
                      type="text"
                      value=""
                    />
                  </div>
                </div>
                <div
                  className=" css-1hb7zxy-IndicatorsContainer"
                >
                  <span
                    className=" css-1okebmr-indicatorSeparator"
                  />
                  <div
                    aria-hidden="true"
                    className=" css-tlfecz-indicatorContainer"
                    onMouseDown={[Function]}
                    onTouchEnd={[Function]}
                  >
                    <svg
                      aria-hidden="true"
                      className="css-tj5bde-Svg"
                      focusable="false"
                      height={20}
                      viewBox="0 0 20 20"
                      width={20}
                    >
                      <path
                        d="M4.516 7.548c0.436-0.446 1.043-0.481 1.576 0l3.908 3.747 3.908-3.747c0.533-0.481 1.141-0.446 1.574 0 0.436 0.445 0.408 1.197 0 1.615-0.406 0.418-4.695 4.502-4.695 4.502-0.217 0.223-0.502 0.335-0.787 0.335s-0.57-0.112-0.789-0.335c0 0-4.287-4.084-4.695-4.502s-0.436-1.17 0-1.615z"
                      />
                    </svg>
                  </div>
                </div>
              </div>
            </div>
          </div>
          <div
            className="col"
          >
            <h6>
              Sort Breeds(Asc.)
            </h6>
            <div
              className=" css-b62m3t-container"
              onKeyDown={[Function]}
            >
              <span
                className="css-1f43avz-a11yText-A11yText"
                id="react-select-6-live-region"
              />
              <span
                aria-atomic="false"
                aria-live="polite"
                aria-relevant="additions text"
                className="css-1f43avz-a11yText-A11yText"
              />
              <div
                className=" css-1s2u09g-control"
                onMouseDown={[Function]}
                onTouchEnd={[Function]}
              >
                <div
                  className=" css-319lph-ValueContainer"
                >
                  <div
                    className=" css-14el2xx-placeholder"
                    id="react-select-6-placeholder"
                  >
                    Select...
                  </div>
                  <div
                    className=" css-6j8wv5-Input"
                    data-value=""
                  >
                    <input
                      aria-autocomplete="list"
                      aria-controls="react-select-6-listbox"
                      aria-describedby="react-select-6-placeholder"
                      aria-expanded={false}
                      aria-haspopup={true}
                      aria-owns="react-select-6-listbox"
                      autoCapitalize="none"
                      autoComplete="off"
                      autoCorrect="off"
                      className=""
                      disabled={false}
                      id="react-select-6-input"
                      onBlur={[Function]}
                      onChange={[Function]}
                      onFocus={[Function]}
                      role="combobox"
                      spellCheck="false"
                      style={
                        Object {
                          "background": 0,
                          "border": 0,
                          "color": "inherit",
                          "font": "inherit",
                          "gridArea": "1 / 2",
                          "label": "input",
                          "margin": 0,
                          "minWidth": "2px",
                          "opacity": 1,
                          "outline": 0,
                          "padding": 0,
                          "width": "100%",
                        }
                      }
                      tabIndex={0}
                      type="text"
                      value=""
                    />
                  </div>
                </div>
                <div
                  className=" css-1hb7zxy-IndicatorsContainer"
                >
                  <span
                    className=" css-1okebmr-indicatorSeparator"
                  />
                  <div
                    aria-hidden="true"
                    className=" css-tlfecz-indicatorContainer"
                    onMouseDown={[Function]}
                    onTouchEnd={[Function]}
                  >
                    <svg
                      aria-hidden="true"
                      className="css-tj5bde-Svg"
                      focusable="false"
                      height={20}
                      viewBox="0 0 20 20"
                      width={20}
                    >
                      <path
                        d="M4.516 7.548c0.436-0.446 1.043-0.481 1.576 0l3.908 3.747 3.908-3.747c0.533-0.481 1.141-0.446 1.574 0 0.436 0.445 0.408 1.197 0 1.615-0.406 0.418-4.695 4.502-4.695 4.502-0.217 0.223-0.502 0.335-0.787 0.335s-0.57-0.112-0.789-0.335c0 0-4.287-4.084-4.695-4.502s-0.436-1.17 0-1.615z"
                      />
                    </svg>
                  </div>
                </div>
              </div>
            </div>
          </div>
        </div>
      </div>
      <div
        aria-labelledby="uncontrolled-tab-example-tab-search"
        className="tab-pane"
        id="uncontrolled-tab-example-tabpane-search"
      >
        <div
          style={
            Object {
              "width": "50vw",
            }
          }
        >
          <h3>
            Breeds Search
          </h3>
          <input
            onChange={[Function]}
            onKeyPress={[Function]}
            placeholder="Enter query"
            type="text"
          />
        </div>
        <div
          style={
            Object {
              "paddingTop": "2vh",
            }
          }
        >
          <button
            className="btn btn-primary"
            disabled={false}
            onClick={[Function]}
            type="submit"
          >
            Submit
          </button>
        </div>
      </div>
    </div>
  </div>
  <div
    style={
      Object {
        "paddingTop": "2vh",
      }
    }
  >
    <div
      className="table-responsive"
    >
      <table
        className="table table-sm table-striped table-bordered table-hover"
      >
        <thead>
          <tr>
            <th>
              Species
            </th>
            <th>
              Breeds
            </th>
            <th>
              Life Expectancy
            </th>
            <th>
              Weight
            </th>
            <th>
              Origin
            </th>
          </tr>
        </thead>
        <tbody />
      </table>
    </div>
  </div>
</div>
`;
