// Jest Snapshot v1, https://goo.gl/fbAQLP

exports[`Pets Model Page Properly Rendered 1`] = `
<div
  style={
    Object {
      "paddingLeft": "10vw",
      "paddingRight": "10vw",
    }
  }
>
  <div
    className="row"
  >
    <div
      className="col"
    >
      <h2>
        Species
      </h2>
      <h5>
        20 species, page 
        1
        /19
      </h5>
    </div>
    <div
      className="col"
    >
      <div>
        <ul
          className="pagination"
        >
          <li
            className="page-item"
          >
            <a
              className="page-link"
              onClick={[Function]}
              onKeyDown={[Function]}
              role="button"
              tabIndex={0}
            >
              <span
                aria-hidden="true"
              >
                ‹
              </span>
              <span
                className="visually-hidden"
              >
                Previous
              </span>
            </a>
          </li>
          <li
            className="page-item active"
          >
            <span
              className="page-link"
              disabled={false}
              onClick={[Function]}
            >
              1
              <span
                className="visually-hidden"
              >
                (current)
              </span>
            </span>
          </li>
          <li
            className="page-item"
          >
            <a
              className="page-link"
              onClick={[Function]}
              onKeyDown={[Function]}
              role="button"
              tabIndex={0}
            >
              2
            </a>
          </li>
          <li
            className="page-item"
          >
            <a
              className="page-link"
              onClick={[Function]}
              onKeyDown={[Function]}
              role="button"
              tabIndex={0}
            >
              3
            </a>
          </li>
          <li
            className="page-item"
          >
            <a
              className="page-link"
              onClick={[Function]}
              onKeyDown={[Function]}
              role="button"
              tabIndex={0}
            >
              4
            </a>
          </li>
          <li
            className="page-item"
          >
            <a
              className="page-link"
              onClick={[Function]}
              onKeyDown={[Function]}
              role="button"
              tabIndex={0}
            >
              5
            </a>
          </li>
          <li
            className="page-item"
          >
            <a
              className="page-link"
              onClick={[Function]}
              onKeyDown={[Function]}
              role="button"
              tabIndex={0}
            >
              6
            </a>
          </li>
          <li
            className="page-item"
          >
            <a
              className="page-link"
              onClick={[Function]}
              onKeyDown={[Function]}
              role="button"
              tabIndex={0}
            >
              7
            </a>
          </li>
          <li
            className="page-item"
          >
            <a
              className="page-link"
              onClick={[Function]}
              onKeyDown={[Function]}
              role="button"
              tabIndex={0}
            >
              8
            </a>
          </li>
          <li
            className="page-item"
          >
            <a
              className="page-link"
              onClick={[Function]}
              onKeyDown={[Function]}
              role="button"
              tabIndex={0}
            >
              9
            </a>
          </li>
          <li
            className="page-item"
          >
            <a
              className="page-link"
              onClick={[Function]}
              onKeyDown={[Function]}
              role="button"
              tabIndex={0}
            >
              10
            </a>
          </li>
          <li
            className="page-item"
          >
            <a
              className="page-link"
              onClick={[Function]}
              onKeyDown={[Function]}
              role="button"
              tabIndex={0}
            >
              11
            </a>
          </li>
          <li
            className="page-item"
          >
            <a
              className="page-link"
              onClick={[Function]}
              onKeyDown={[Function]}
              role="button"
              tabIndex={0}
            >
              12
            </a>
          </li>
          <li
            className="page-item"
          >
            <a
              className="page-link"
              onClick={[Function]}
              onKeyDown={[Function]}
              role="button"
              tabIndex={0}
            >
              13
            </a>
          </li>
          <li
            className="page-item"
          >
            <a
              className="page-link"
              onClick={[Function]}
              onKeyDown={[Function]}
              role="button"
              tabIndex={0}
            >
              14
            </a>
          </li>
          <li
            className="page-item"
          >
            <a
              className="page-link"
              onClick={[Function]}
              onKeyDown={[Function]}
              role="button"
              tabIndex={0}
            >
              15
            </a>
          </li>
          <li
            className="page-item"
          >
            <a
              className="page-link"
              onClick={[Function]}
              onKeyDown={[Function]}
              role="button"
              tabIndex={0}
            >
              16
            </a>
          </li>
          <li
            className="page-item"
          >
            <a
              className="page-link"
              onClick={[Function]}
              onKeyDown={[Function]}
              role="button"
              tabIndex={0}
            >
              17
            </a>
          </li>
          <li
            className="page-item"
          >
            <a
              className="page-link"
              onClick={[Function]}
              onKeyDown={[Function]}
              role="button"
              tabIndex={0}
            >
              18
            </a>
          </li>
          <li
            className="page-item"
          >
            <a
              className="page-link"
              onClick={[Function]}
              onKeyDown={[Function]}
              role="button"
              tabIndex={0}
            >
              19
            </a>
          </li>
          <li
            className="page-item"
          >
            <a
              className="page-link"
              onClick={[Function]}
              onKeyDown={[Function]}
              role="button"
              tabIndex={0}
            >
              <span
                aria-hidden="true"
              >
                …
              </span>
              <span
                className="visually-hidden"
              >
                More
              </span>
            </a>
          </li>
          <li
            className="page-item"
          >
            <a
              className="page-link"
              onClick={[Function]}
              onKeyDown={[Function]}
              role="button"
              tabIndex={0}
            >
              <span
                aria-hidden="true"
              >
                ›
              </span>
              <span
                className="visually-hidden"
              >
                Next
              </span>
            </a>
          </li>
        </ul>
      </div>
    </div>
  </div>
  <div
    style={
      Object {
        "paddingTop": "2vh",
      }
    }
  >
    <table
      className="table table-sm table-striped table-bordered table-hover"
    >
      <thead>
        <tr>
          <th>
            Species
          </th>
          <th>
            Breeds
          </th>
          <th>
            Life Expectancy
          </th>
          <th>
            Weight
          </th>
          <th>
            Origin
          </th>
        </tr>
      </thead>
      <tbody />
    </table>
  </div>
</div>
`;
